// Jest Snapshot v1, https://goo.gl/fbAQLP

exports[`<InputText /> it should render 1`] = `
.c0 {
  padding: 10px;
  font-size: 1em;
  border-width: 1px;
  border-color: #ddd;
  border-style: solid;
  outline: none;
  width: 100%;
}

.c0:focus {
  border-color: #4375E8;
}

<input
  className="c0"
/>
`;
