// Jest Snapshot v1, https://goo.gl/fbAQLP

exports[`<Button /> it should render 1`] = `
<button
  className="Button__StyledButton-gFCKw gXUvpU"
  color="default"
>
  Test Button
</button>
`;
